Added Component: Designator=D1(CAP10UF)
Added Component: Designator=D2(CAP10UF)
Added Component: Designator=D3(CAP10UF)
Added Component: Designator=LS1(CUI_CMI-9605IC-0580T)
Add component (AddParameter): Name = "Check_prices"; Value = "https://www.snapeda.com/parts/CMI-9605IC-0580T/Same+Sky/view-part/?ref=eda"; VariantName = "[No Variations]"
Add component (AddParameter): Name = "MF"; Value = "Same Sky"; VariantName = "[No Variations]"
Add component (AddParameter): Name = "MP"; Value = "CMI-9605IC-0580T"; VariantName = "[No Variations]"
Add component (AddParameter): Name = "Package"; Value = "Package"; VariantName = "[No Variations]"
Add component (AddParameter): Name = "SnapEDA_Link"; Value = "https://www.snapeda.com/parts/CMI-9605IC-0580T/Same+Sky/view-part/?ref=snap"; VariantName = "[No Variations]"
Add component (AddParameter): Name = "Value"; Value = ""; VariantName = "[No Variations]"
Added Component: Designator=P1(HDR1X2H)
Add component (AddParameter): Name = "LatestRevisionDate"; Value = "17-Jul-2002"; VariantName = "[No Variations]"
Add component (AddParameter): Name = "LatestRevisionNote"; Value = "Re-released for DXP Platform."; VariantName = "[No Variations]"
Add component (AddParameter): Name = "Publisher"; Value = "Altium Limited"; VariantName = "[No Variations]"
Added Component: Designator=R1(R1/6W)
Add component (AddParameter): Name = "Value"; Value = "R1/4W - 1K"; VariantName = "[No Variations]"
Added Component: Designator=R2(R1/6W)
Add component (AddParameter): Name = "Value"; Value = "R1/4W - 1K"; VariantName = "[No Variations]"
Added Component: Designator=R3(R1/6W)
Add component (AddParameter): Name = "Value"; Value = "R1/4W - 1K"; VariantName = "[No Variations]"
Added Component: Designator=U1(ESP32_DEVKIT_V1)
Added Component: Designator=U2(MQ_135)
Added Component: Designator=U3(DHT11)
Added Component: Designator=U5(LCD SH1106)
Added Pin To Net: NetName=A0 Pin=U1-25
Added Pin To Net: NetName=A0 Pin=U2-4
Added Net: Name=A0
Added Pin To Net: NetName=DAT Pin=U1-26
Added Pin To Net: NetName=DAT Pin=U3-2
Added Net: Name=DAT
Added Pin To Net: NetName=GND Pin=D1-2
Added Pin To Net: NetName=GND Pin=D2-2
Added Pin To Net: NetName=GND Pin=D3-2
Added Pin To Net: NetName=GND Pin=LS1-N
Added Pin To Net: NetName=GND Pin=P1-2
Added Pin To Net: NetName=GND Pin=U1-2
Added Pin To Net: NetName=GND Pin=U1-29
Added Pin To Net: NetName=GND Pin=U2-2
Added Pin To Net: NetName=GND Pin=U3-3
Added Pin To Net: NetName=GND Pin=U5-4
Added Net: Name=GND
Added Pin To Net: NetName=GREEN Pin=R3-1
Added Pin To Net: NetName=GREEN Pin=U1-22
Added Net: Name=GREEN
Added Pin To Net: NetName=LS1 Pin=LS1-P
Added Pin To Net: NetName=LS1 Pin=U1-21
Added Net: Name=LS1
Added Pin To Net: NetName=NetD1_1 Pin=D1-1
Added Pin To Net: NetName=NetD1_1 Pin=R1-2
Added Net: Name=NetD1_1
Added Pin To Net: NetName=NetD2_1 Pin=D2-1
Added Pin To Net: NetName=NetD2_1 Pin=R2-2
Added Net: Name=NetD2_1
Added Pin To Net: NetName=NetD3_1 Pin=D3-1
Added Pin To Net: NetName=NetD3_1 Pin=R3-2
Added Net: Name=NetD3_1
Added Pin To Net: NetName=RED Pin=R1-1
Added Pin To Net: NetName=RED Pin=U1-24
Added Net: Name=RED
Added Pin To Net: NetName=SCL Pin=U1-14
Added Pin To Net: NetName=SCL Pin=U5-2
Added Net: Name=SCL
Added Pin To Net: NetName=SDA Pin=U1-11
Added Pin To Net: NetName=SDA Pin=U5-1
Added Net: Name=SDA
Added Pin To Net: NetName=VCC Pin=P1-1
Added Pin To Net: NetName=VCC Pin=U1-1
Added Pin To Net: NetName=VCC Pin=U2-1
Added Pin To Net: NetName=VCC Pin=U3-1
Added Pin To Net: NetName=VCC Pin=U5-3
Added Net: Name=VCC
Added Pin To Net: NetName=YELLOW Pin=R2-1
Added Pin To Net: NetName=YELLOW Pin=U1-23
Added Net: Name=YELLOW
Added Class: Name=Huu_Binh_IOT
